// Jest Snapshot v1, https://goo.gl/fbAQLP

exports[`Hello should be rendered correctly 1`] = `
<div>
  showing Hello
</div>
`;
