// Jest Snapshot v1, https://goo.gl/fbAQLP

exports[`test ListItem component snapshot 1`] = `
<div>
   id: 
  1
  . Description: 
  Hello
   
</div>
`;
